// Jest Snapshot v1, https://goo.gl/fbAQLP

exports[`Tokenizer notifies with an error 1`] = `
Array [
  "[Token]: Kind=ScriptNameKeyword, Text='Scriptname', Range=[0, 10]",
  "[Token]: Kind=WhitespaceTrivia, Text=' ', Range=[10, 11]",
  "[Token]: Kind=Identifier, Text='AddItemFavorite', Range=[11, 26]",
  "[Token]: Kind=WhitespaceTrivia, Text=' ', Range=[26, 27]",
  "[Token]: Kind=ExtendsKeyword, Text='extends', Range=[27, 34]",
  "[Token]: Kind=WhitespaceTrivia, Text=' ', Range=[34, 35]",
  "[Token]: Kind=Identifier, Text='ObjectReference', Range=[35, 50]",
  "[Token]: Kind=NewLineTrivia, Text='
', Range=[50, 52]",
  "[Token]: Kind=SemicolonToken, Text=';', Range=[52, 53]",
  "[Token]: Kind=SingleLineCommentTrivia, Text=' ', Range=[53, 54]",
  "[Token]: Kind=SingleLineCommentTrivia, Text='This', Range=[54, 58]",
  "[Token]: Kind=SingleLineCommentTrivia, Text=' ', Range=[58, 59]",
  "[Token]: Kind=SingleLineCommentTrivia, Text='is', Range=[59, 61]",
  "[Token]: Kind=SingleLineCommentTrivia, Text=' ', Range=[61, 62]",
  "[Token]: Kind=SingleLineCommentTrivia, Text='a', Range=[62, 63]",
  "[Token]: Kind=SingleLineCommentTrivia, Text=' ', Range=[63, 64]",
  "[Token]: Kind=SingleLineCommentTrivia, Text='comment', Range=[64, 71]",
  "[Token]: Kind=NewLineTrivia, Text='
', Range=[71, 73]",
  "[Token]: Kind=NewLineTrivia, Text='
', Range=[73, 75]",
  "[Token]: Kind=SemicolonSlashToken, Text=';/', Range=[75, 77]",
  "[Token]: Kind=MultilineCommentTrivia, Text=' ', Range=[77, 78]",
  "[Token]: Kind=MultilineCommentTrivia, Text='This', Range=[78, 82]",
  "[Token]: Kind=MultilineCommentTrivia, Text=' ', Range=[82, 83]",
  "[Token]: Kind=MultilineCommentTrivia, Text='is', Range=[83, 85]",
  "[Token]: Kind=MultilineCommentTrivia, Text=' ', Range=[85, 86]",
  "[Token]: Kind=MultilineCommentTrivia, Text='a', Range=[86, 87]",
  "[Token]: Kind=MultilineCommentTrivia, Text=' ', Range=[87, 88]",
  "[Token]: Kind=MultilineCommentTrivia, Text='multi', Range=[88, 93]",
  "[Token]: Kind=MultilineCommentTrivia, Text='
', Range=[93, 95]",
  "[Token]: Kind=MultilineCommentTrivia, Text='line', Range=[95, 99]",
  "[Token]: Kind=MultilineCommentTrivia, Text='
', Range=[99, 101]",
  "[Token]: Kind=MultilineCommentTrivia, Text='comment', Range=[101, 108]",
  "[Token]: Kind=MultilineCommentTrivia, Text=' ', Range=[108, 109]",
  "[Token]: Kind=SlashSemicolonToken, Text='/;', Range=[109, 111]",
  "[Token]: Kind=NewLineTrivia, Text='
', Range=[111, 113]",
  "[Token]: Kind=NewLineTrivia, Text='
', Range=[113, 115]",
  "[Token]: Kind=Identifier, Text='Form', Range=[115, 119]",
  "[Token]: Kind=WhitespaceTrivia, Text=' ', Range=[119, 120]",
  "[Token]: Kind=Identifier, Text='ItemToFavorite', Range=[120, 134]",
  "[Token]: Kind=NewLineTrivia, Text='
', Range=[134, 136]",
  "[Token]: Kind=Identifier, Text='int', Range=[136, 139]",
  "[Token]: Kind=WhitespaceTrivia, Text=' ', Range=[139, 140]",
  "[Token]: Kind=PropertyKeyword, Text='Property', Range=[140, 148]",
  "[Token]: Kind=WhitespaceTrivia, Text=' ', Range=[148, 149]",
  "[Token]: Kind=Identifier, Text='FavoriteSlot', Range=[149, 161]",
  "[Token]: Kind=WhitespaceTrivia, Text=' ', Range=[161, 162]",
  "[Token]: Kind=EqualsToken, Text='=', Range=[162, 163]",
  "[Token]: Kind=WhitespaceTrivia, Text=' ', Range=[163, 164]",
  "[Token]: Kind=MinusToken, Text='-', Range=[164, 165]",
  "[Token]: Kind=IntLiteral, Text='1', Range=[165, 166]",
  "[Token]: Kind=WhitespaceTrivia, Text=' ', Range=[166, 167]",
  "[Token]: Kind=AutoKeyword, Text='auto', Range=[167, 171]",
  "[Token]: Kind=WhitespaceTrivia, Text=' ', Range=[171, 172]",
  "[Token]: Kind=ConstKeyword, Text='const', Range=[172, 177]",
  "[Token]: Kind=NewLineTrivia, Text='
', Range=[177, 179]",
  "[Token]: Kind=Identifier, Text='GlobalVariable', Range=[179, 193]",
  "[Token]: Kind=WhitespaceTrivia, Text=' ', Range=[193, 194]",
  "[Token]: Kind=PropertyKeyword, Text='Property', Range=[194, 202]",
  "[Token]: Kind=WhitespaceTrivia, Text=' ', Range=[202, 203]",
  "[Token]: Kind=Identifier, Text='ItemHasFavorited', Range=[203, 219]",
  "[Token]: Kind=WhitespaceTrivia, Text=' ', Range=[219, 220]",
  "[Token]: Kind=AutoKeyword, Text='auto', Range=[220, 224]",
  "[Token]: Kind=WhitespaceTrivia, Text=' ', Range=[224, 225]",
  "[Token]: Kind=ConstKeyword, Text='const', Range=[225, 230]",
  "[Token]: Kind=NewLineTrivia, Text='
', Range=[230, 232]",
  "[Token]: Kind=OpenBraceToken, Text='{', Range=[232, 233]",
  "[Token]: Kind=DocumentationCommentTrivia, Text=' ', Range=[233, 234]",
  "[Token]: Kind=DocumentationCommentTrivia, Text='This', Range=[234, 238]",
  "[Token]: Kind=DocumentationCommentTrivia, Text=' ', Range=[238, 239]",
  "[Token]: Kind=DocumentationCommentTrivia, Text='is', Range=[239, 241]",
  "[Token]: Kind=DocumentationCommentTrivia, Text=' ', Range=[241, 242]",
  "[Token]: Kind=DocumentationCommentTrivia, Text='a', Range=[242, 243]",
  "[Token]: Kind=DocumentationCommentTrivia, Text=' ', Range=[243, 244]",
  "[Token]: Kind=DocumentationCommentTrivia, Text='documentation', Range=[244, 257]",
  "[Token]: Kind=DocumentationCommentTrivia, Text='
', Range=[257, 259]",
  "[Token]: Kind=DocumentationCommentTrivia, Text='comment', Range=[259, 266]",
  "[Token]: Kind=DocumentationCommentTrivia, Text=' ', Range=[266, 267]",
  "[Token]: Kind=CloseBraceToken, Text='}', Range=[267, 268]",
  "[Token]: Kind=NewLineTrivia, Text='
', Range=[268, 270]",
  "[Token]: Kind=NewLineTrivia, Text='
', Range=[270, 272]",
  "[Token]: Kind=EventKeyword, Text='Event', Range=[272, 277]",
  "[Token]: Kind=WhitespaceTrivia, Text=' ', Range=[277, 278]",
  "[Token]: Kind=Identifier, Text='OnInit', Range=[278, 284]",
  "[Token]: Kind=OpenParenToken, Text='(', Range=[284, 285]",
  "[Token]: Kind=CloseParenToken, Text=')', Range=[285, 286]",
  "[Token]: Kind=NewLineTrivia, Text='
', Range=[286, 288]",
  "[Token]: Kind=WhitespaceTrivia, Text='	', Range=[288, 289]",
  "[Token]: Kind=Identifier, Text='ItemToFavorite', Range=[289, 303]",
  "[Token]: Kind=WhitespaceTrivia, Text=' ', Range=[303, 304]",
  "[Token]: Kind=EqualsToken, Text='=', Range=[304, 305]",
  "[Token]: Kind=WhitespaceTrivia, Text=' ', Range=[305, 306]",
  "[Token]: Kind=Identifier, Text='self', Range=[306, 310]",
  "[Token]: Kind=DotToken, Text='.', Range=[310, 311]",
  "[Token]: Kind=Identifier, Text='GetBaseObject', Range=[311, 324]",
  "[Token]: Kind=OpenParenToken, Text='(', Range=[324, 325]",
  "[Token]: Kind=CloseParenToken, Text=')', Range=[325, 326]",
  "[Token]: Kind=NewLineTrivia, Text='
', Range=[326, 328]",
  "[Token]: Kind=EndEventKeyword, Text='EndEvent', Range=[328, 336]",
  "[Token]: Kind=NewLineTrivia, Text='
', Range=[336, 338]",
  "[Token]: Kind=NewLineTrivia, Text='
', Range=[338, 340]",
  "[Token]: Kind=EventKeyword, Text='Event', Range=[340, 345]",
  "[Token]: Kind=WhitespaceTrivia, Text=' ', Range=[345, 346]",
  "[Token]: Kind=Identifier, Text='OnContainerChanged', Range=[346, 364]",
  "[Token]: Kind=OpenParenToken, Text='(', Range=[364, 365]",
  "[Token]: Kind=Identifier, Text='ObjectReference', Range=[365, 380]",
  "[Token]: Kind=WhitespaceTrivia, Text=' ', Range=[380, 381]",
  "[Token]: Kind=Identifier, Text='akNewContainer', Range=[381, 395]",
  "[Token]: Kind=CommaToken, Text=',', Range=[395, 396]",
  "[Token]: Kind=WhitespaceTrivia, Text=' ', Range=[396, 397]",
  "[Token]: Kind=Identifier, Text='ObjectReference', Range=[397, 412]",
  "[Token]: Kind=WhitespaceTrivia, Text=' ', Range=[412, 413]",
  "[Token]: Kind=Identifier, Text='akOldContainer', Range=[413, 427]",
  "[Token]: Kind=CloseParenToken, Text=')', Range=[427, 428]",
  "[Token]: Kind=NewLineTrivia, Text='
', Range=[428, 430]",
  "[Token]: Kind=WhitespaceTrivia, Text='	', Range=[430, 431]",
  "[Token]: Kind=Identifier, Text='Debug', Range=[431, 436]",
  "[Token]: Kind=DotToken, Text='.', Range=[436, 437]",
  "[Token]: Kind=Identifier, Text='Trace', Range=[437, 442]",
  "[Token]: Kind=OpenParenToken, Text='(', Range=[442, 443]",
  "[Token]: Kind=DoubleQuoteToken, Text='\\"', Range=[443, 444]",
  "[Token]: Kind=StringLiteralContent, Text='*', Range=[444, 445]",
  "[Token]: Kind=StringLiteralContent, Text='*', Range=[445, 446]",
  "[Token]: Kind=StringLiteralContent, Text='*', Range=[446, 447]",
  "[Token]: Kind=StringLiteralContent, Text='*', Range=[447, 448]",
  "[Token]: Kind=StringLiteralContent, Text='*', Range=[448, 449]",
  "[Token]: Kind=StringLiteralContent, Text='*', Range=[449, 450]",
  "[Token]: Kind=StringLiteralContent, Text='*', Range=[450, 451]",
  "[Token]: Kind=StringLiteralContent, Text='*', Range=[451, 452]",
  "[Token]: Kind=StringLiteralContent, Text='*', Range=[452, 453]",
  "[Token]: Kind=StringLiteralContent, Text='*', Range=[453, 454]",
  "[Token]: Kind=StringLiteralContent, Text='*', Range=[454, 455]",
  "[Token]: Kind=StringLiteralContent, Text='*', Range=[455, 456]",
  "[Token]: Kind=StringLiteralContent, Text='*', Range=[456, 457]",
  "[Token]: Kind=StringLiteralContent, Text='*', Range=[457, 458]",
  "[Token]: Kind=StringLiteralContent, Text='\\\\\\"', Range=[458, 460]",
  "[Token]: Kind=StringLiteralContent, Text=' ', Range=[460, 461]",
  "[Token]: Kind=DoubleQuoteToken, Text='\\"', Range=[461, 462]",
  "[Token]: Kind=WhitespaceTrivia, Text=' ', Range=[462, 463]",
  "[Token]: Kind=PlusToken, Text='+', Range=[463, 464]",
  "[Token]: Kind=WhitespaceTrivia, Text=' ', Range=[464, 465]",
  "[Token]: Kind=Identifier, Text='self', Range=[465, 469]",
  "[Token]: Kind=WhitespaceTrivia, Text=' ', Range=[469, 470]",
  "[Token]: Kind=PlusToken, Text='+', Range=[470, 471]",
  "[Token]: Kind=WhitespaceTrivia, Text=' ', Range=[471, 472]",
  "[Token]: Kind=DoubleQuoteToken, Text='\\"', Range=[472, 473]",
  "[Token]: Kind=StringLiteralContent, Text=' ', Range=[473, 474]",
  "[Token]: Kind=StringLiteralContent, Text='\\\\\\"', Range=[474, 476]",
  "[Token]: Kind=StringLiteralContent, Text='changed', Range=[476, 483]",
  "[Token]: Kind=StringLiteralContent, Text=' ', Range=[483, 484]",
  "[Token]: Kind=StringLiteralContent, Text='container', Range=[484, 493]",
  "[Token]: Kind=StringLiteralContent, Text='!', Range=[493, 494]",
  "[Token]: Kind=StringLiteralContent, Text=')', Range=[494, 495]",
  "[Token]: Kind=NewLineTrivia, Text='
', Range=[495, 497]",
  "[Token]: Kind=WhitespaceTrivia, Text='	', Range=[497, 498]",
  "[Token]: Kind=IfKeyword, Text='if', Range=[498, 500]",
  "[Token]: Kind=WhitespaceTrivia, Text=' ', Range=[500, 501]",
  "[Token]: Kind=Identifier, Text='akNewContainer', Range=[501, 515]",
  "[Token]: Kind=WhitespaceTrivia, Text=' ', Range=[515, 516]",
  "[Token]: Kind=EqualsEqualsToken, Text='==', Range=[516, 518]",
  "[Token]: Kind=WhitespaceTrivia, Text=' ', Range=[518, 519]",
  "[Token]: Kind=Identifier, Text='Game', Range=[519, 523]",
  "[Token]: Kind=DotToken, Text='.', Range=[523, 524]",
  "[Token]: Kind=Identifier, Text='GetPlayer', Range=[524, 533]",
  "[Token]: Kind=OpenParenToken, Text='(', Range=[533, 534]",
  "[Token]: Kind=CloseParenToken, Text=')', Range=[534, 535]",
  "[Token]: Kind=NewLineTrivia, Text='
', Range=[535, 537]",
  "[Token]: Kind=WhitespaceTrivia, Text='		', Range=[537, 539]",
  "[Token]: Kind=SemicolonToken, Text=';', Range=[539, 540]",
  "[Token]: Kind=SingleLineCommentTrivia, Text='Favorite', Range=[540, 548]",
  "[Token]: Kind=SingleLineCommentTrivia, Text=' ', Range=[548, 549]",
  "[Token]: Kind=SingleLineCommentTrivia, Text='the', Range=[549, 552]",
  "[Token]: Kind=SingleLineCommentTrivia, Text=' ', Range=[552, 553]",
  "[Token]: Kind=SingleLineCommentTrivia, Text='item', Range=[553, 557]",
  "[Token]: Kind=SingleLineCommentTrivia, Text=' ', Range=[557, 558]",
  "[Token]: Kind=SingleLineCommentTrivia, Text='only', Range=[558, 562]",
  "[Token]: Kind=SingleLineCommentTrivia, Text=' ', Range=[562, 563]",
  "[Token]: Kind=SingleLineCommentTrivia, Text='if', Range=[563, 565]",
  "[Token]: Kind=SingleLineCommentTrivia, Text=' ', Range=[565, 566]",
  "[Token]: Kind=SingleLineCommentTrivia, Text='we', Range=[566, 568]",
  "[Token]: Kind=SingleLineCommentTrivia, Text=' ', Range=[568, 569]",
  "[Token]: Kind=SingleLineCommentTrivia, Text='haven', Range=[569, 574]",
  "[Token]: Kind=SingleLineCommentTrivia, Text=''', Range=[574, 575]",
  "[Token]: Kind=SingleLineCommentTrivia, Text='t', Range=[575, 576]",
  "[Token]: Kind=SingleLineCommentTrivia, Text=' ', Range=[576, 577]",
  "[Token]: Kind=SingleLineCommentTrivia, Text='already', Range=[577, 584]",
  "[Token]: Kind=NewLineTrivia, Text='
', Range=[584, 586]",
  "[Token]: Kind=WhitespaceTrivia, Text='		', Range=[586, 588]",
  "[Token]: Kind=SemicolonToken, Text=';', Range=[588, 589]",
  "[Token]: Kind=SingleLineCommentTrivia, Text='if', Range=[589, 591]",
  "[Token]: Kind=SingleLineCommentTrivia, Text=' ', Range=[591, 592]",
  "[Token]: Kind=SingleLineCommentTrivia, Text='ItemHasFavorited', Range=[592, 608]",
  "[Token]: Kind=SingleLineCommentTrivia, Text='.', Range=[608, 609]",
  "[Token]: Kind=SingleLineCommentTrivia, Text='GetValue', Range=[609, 617]",
  "[Token]: Kind=SingleLineCommentTrivia, Text='(', Range=[617, 618]",
  "[Token]: Kind=SingleLineCommentTrivia, Text=')', Range=[618, 619]",
  "[Token]: Kind=SingleLineCommentTrivia, Text=' ', Range=[619, 620]",
  "[Token]: Kind=SingleLineCommentTrivia, Text='==', Range=[620, 622]",
  "[Token]: Kind=SingleLineCommentTrivia, Text=' ', Range=[622, 623]",
  "[Token]: Kind=SingleLineCommentTrivia, Text='0', Range=[623, 624]",
  "[Token]: Kind=NewLineTrivia, Text='
', Range=[624, 626]",
  "[Token]: Kind=WhitespaceTrivia, Text='			', Range=[626, 629]",
  "[Token]: Kind=SemicolonToken, Text=';', Range=[629, 630]",
  "[Token]: Kind=SingleLineCommentTrivia, Text='set', Range=[630, 633]",
  "[Token]: Kind=SingleLineCommentTrivia, Text=' ', Range=[633, 634]",
  "[Token]: Kind=SingleLineCommentTrivia, Text='global', Range=[634, 640]",
  "[Token]: Kind=SingleLineCommentTrivia, Text=' ', Range=[640, 641]",
  "[Token]: Kind=SingleLineCommentTrivia, Text='so', Range=[641, 643]",
  "[Token]: Kind=SingleLineCommentTrivia, Text=' ', Range=[643, 644]",
  "[Token]: Kind=SingleLineCommentTrivia, Text='we', Range=[644, 646]",
  "[Token]: Kind=SingleLineCommentTrivia, Text=' ', Range=[646, 647]",
  "[Token]: Kind=SingleLineCommentTrivia, Text='don', Range=[647, 650]",
  "[Token]: Kind=SingleLineCommentTrivia, Text=''', Range=[650, 651]",
  "[Token]: Kind=SingleLineCommentTrivia, Text='t', Range=[651, 652]",
  "[Token]: Kind=SingleLineCommentTrivia, Text=' ', Range=[652, 653]",
  "[Token]: Kind=SingleLineCommentTrivia, Text='do', Range=[653, 655]",
  "[Token]: Kind=SingleLineCommentTrivia, Text=' ', Range=[655, 656]",
  "[Token]: Kind=SingleLineCommentTrivia, Text='this', Range=[656, 660]",
  "[Token]: Kind=SingleLineCommentTrivia, Text=' ', Range=[660, 661]",
  "[Token]: Kind=SingleLineCommentTrivia, Text='again', Range=[661, 666]",
  "[Token]: Kind=NewLineTrivia, Text='
', Range=[666, 668]",
  "[Token]: Kind=WhitespaceTrivia, Text='			', Range=[668, 671]",
  "[Token]: Kind=Identifier, Text='ItemHasFavorited', Range=[671, 687]",
  "[Token]: Kind=DotToken, Text='.', Range=[687, 688]",
  "[Token]: Kind=Identifier, Text='SetValue', Range=[688, 696]",
  "[Token]: Kind=OpenParenToken, Text='(', Range=[696, 697]",
  "[Token]: Kind=FloatLiteral, Text='1.2', Range=[697, 700]",
  "[Token]: Kind=CloseParenToken, Text=')', Range=[700, 701]",
  "[Token]: Kind=NewLineTrivia, Text='
', Range=[701, 703]",
  "[Token]: Kind=NewLineTrivia, Text='
', Range=[703, 705]",
  "[Token]: Kind=WhitespaceTrivia, Text='			', Range=[705, 708]",
  "[Token]: Kind=SemicolonToken, Text=';', Range=[708, 709]",
  "[Token]: Kind=SingleLineCommentTrivia, Text='favorite', Range=[709, 717]",
  "[Token]: Kind=SingleLineCommentTrivia, Text=' ', Range=[717, 718]",
  "[Token]: Kind=SingleLineCommentTrivia, Text='it', Range=[718, 720]",
  "[Token]: Kind=NewLineTrivia, Text='
', Range=[720, 722]",
  "[Token]: Kind=WhitespaceTrivia, Text='			', Range=[722, 725]",
  "[Token]: Kind=Identifier, Text='Game', Range=[725, 729]",
  "[Token]: Kind=DotToken, Text='.', Range=[729, 730]",
  "[Token]: Kind=Identifier, Text='GetPlayer', Range=[730, 739]",
  "[Token]: Kind=OpenParenToken, Text='(', Range=[739, 740]",
  "[Token]: Kind=HexLiteral, Text='0x0002321C', Range=[740, 750]",
  "[Token]: Kind=CloseParenToken, Text=')', Range=[750, 751]",
  "[Token]: Kind=DotToken, Text='.', Range=[751, 752]",
  "[Token]: Kind=Identifier, Text='MarkItemAsFavorite', Range=[752, 770]",
  "[Token]: Kind=OpenParenToken, Text='(', Range=[770, 771]",
  "[Token]: Kind=Identifier, Text='ItemToFavorite', Range=[771, 785]",
  "[Token]: Kind=CommaToken, Text=',', Range=[785, 786]",
  "[Token]: Kind=WhitespaceTrivia, Text=' ', Range=[786, 787]",
  "[Token]: Kind=Identifier, Text='FavoriteSlot', Range=[787, 799]",
  "[Token]: Kind=CloseParenToken, Text=')', Range=[799, 800]",
  "[Token]: Kind=NewLineTrivia, Text='
', Range=[800, 802]",
  "[Token]: Kind=WhitespaceTrivia, Text='		', Range=[802, 804]",
  "[Token]: Kind=SemicolonToken, Text=';', Range=[804, 805]",
  "[Token]: Kind=SingleLineCommentTrivia, Text='endif', Range=[805, 810]",
  "[Token]: Kind=NewLineTrivia, Text='
', Range=[810, 812]",
  "[Token]: Kind=WhitespaceTrivia, Text='	', Range=[812, 813]",
  "[Token]: Kind=EndIfKeyword, Text='endif', Range=[813, 818]",
  "[Token]: Kind=NewLineTrivia, Text='
', Range=[818, 820]",
  "[Token]: Kind=EndEventKeyword, Text='EndEvent', Range=[820, 828]",
  "[Token]: Kind=NewLineTrivia, Text='
', Range=[828, 830]",
  "[Token]: Kind=NewLineTrivia, Text='
', Range=[830, 832]",
  "[Token]: Kind=Identifier, Text='var', Range=[832, 835]",
  "[Token]: Kind=ArrayToken, Text='[]', Range=[835, 837]",
  "[Token]: Kind=WhitespaceTrivia, Text=' ', Range=[837, 838]",
  "[Token]: Kind=FunctionKeyword, Text='Function', Range=[838, 846]",
  "[Token]: Kind=WhitespaceTrivia, Text=' ', Range=[846, 847]",
  "[Token]: Kind=Identifier, Text='Test', Range=[847, 851]",
  "[Token]: Kind=OpenParenToken, Text='(', Range=[851, 852]",
  "[Token]: Kind=CloseParenToken, Text=')', Range=[852, 853]",
  "[Token]: Kind=NewLineTrivia, Text='
', Range=[853, 855]",
  "[Token]: Kind=EndFunctionKeyword, Text='EndFunction', Range=[855, 866]",
  "[Token]: Kind=NewLineTrivia, Text='
', Range=[866, 868]",
  "[Token]: Kind=EndOfFileToken, Text='', Range=[868, 868]",
]
`;

exports[`Tokenizer notifies with an error 2`] = `
Array [
  "Error at 472,495 in unterminatedString.psc:
   er)   Debug.Trace(\\"**************\\\\\\" \\" + self + \\" \\\\\\"changed container!)   if akNewContainer == Game.GetPlayer()    ;Fa
                                                  ^~~~~~~~~~~~~~~~~~~~~~~ Unterminated string literal.",
]
`;

exports[`Tokenizer returns a correctly parsed array of tokens 1`] = `
Array [
  "[Token]: Kind=ScriptNameKeyword, Text='Scriptname', Range=[0, 10]",
  "[Token]: Kind=WhitespaceTrivia, Text=' ', Range=[10, 11]",
  "[Token]: Kind=Identifier, Text='AbCourserSpeedScript', Range=[11, 31]",
  "[Token]: Kind=WhitespaceTrivia, Text=' ', Range=[31, 32]",
  "[Token]: Kind=ExtendsKeyword, Text='extends', Range=[32, 39]",
  "[Token]: Kind=WhitespaceTrivia, Text=' ', Range=[39, 40]",
  "[Token]: Kind=Identifier, Text='ActiveMagicEffect', Range=[40, 57]",
  "[Token]: Kind=NewLineTrivia, Text='
', Range=[57, 59]",
  "[Token]: Kind=NewLineTrivia, Text='
', Range=[59, 61]",
  "[Token]: Kind=EventKeyword, Text='Event', Range=[61, 66]",
  "[Token]: Kind=WhitespaceTrivia, Text=' ', Range=[66, 67]",
  "[Token]: Kind=Identifier, Text='OnEffectStart', Range=[67, 80]",
  "[Token]: Kind=OpenParenToken, Text='(', Range=[80, 81]",
  "[Token]: Kind=Identifier, Text='Actor', Range=[81, 86]",
  "[Token]: Kind=WhitespaceTrivia, Text=' ', Range=[86, 87]",
  "[Token]: Kind=Identifier, Text='akTarget', Range=[87, 95]",
  "[Token]: Kind=CommaToken, Text=',', Range=[95, 96]",
  "[Token]: Kind=WhitespaceTrivia, Text=' ', Range=[96, 97]",
  "[Token]: Kind=Identifier, Text='Actor', Range=[97, 102]",
  "[Token]: Kind=WhitespaceTrivia, Text=' ', Range=[102, 103]",
  "[Token]: Kind=Identifier, Text='akCaster', Range=[103, 111]",
  "[Token]: Kind=CloseParenToken, Text=')', Range=[111, 112]",
  "[Token]: Kind=NewLineTrivia, Text='
', Range=[112, 114]",
  "[Token]: Kind=WhitespaceTrivia, Text='	', Range=[114, 115]",
  "[Token]: Kind=Identifier, Text='RegisterForHitEvent', Range=[115, 134]",
  "[Token]: Kind=OpenParenToken, Text='(', Range=[134, 135]",
  "[Token]: Kind=Identifier, Text='akCaster', Range=[135, 143]",
  "[Token]: Kind=CloseParenToken, Text=')', Range=[143, 144]",
  "[Token]: Kind=NewLineTrivia, Text='
', Range=[144, 146]",
  "[Token]: Kind=EndEventKeyword, Text='EndEvent', Range=[146, 154]",
  "[Token]: Kind=NewLineTrivia, Text='
', Range=[154, 156]",
  "[Token]: Kind=NewLineTrivia, Text='
', Range=[156, 158]",
  "[Token]: Kind=EventKeyword, Text='Event', Range=[158, 163]",
  "[Token]: Kind=WhitespaceTrivia, Text=' ', Range=[163, 164]",
  "[Token]: Kind=Identifier, Text='OnHit', Range=[164, 169]",
  "[Token]: Kind=OpenParenToken, Text='(', Range=[169, 170]",
  "[Token]: Kind=Identifier, Text='ObjectReference', Range=[170, 185]",
  "[Token]: Kind=WhitespaceTrivia, Text=' ', Range=[185, 186]",
  "[Token]: Kind=Identifier, Text='akTarget', Range=[186, 194]",
  "[Token]: Kind=CommaToken, Text=',', Range=[194, 195]",
  "[Token]: Kind=WhitespaceTrivia, Text=' ', Range=[195, 196]",
  "[Token]: Kind=Identifier, Text='ObjectReference', Range=[196, 211]",
  "[Token]: Kind=WhitespaceTrivia, Text=' ', Range=[211, 212]",
  "[Token]: Kind=Identifier, Text='akAggressor', Range=[212, 223]",
  "[Token]: Kind=CommaToken, Text=',', Range=[223, 224]",
  "[Token]: Kind=WhitespaceTrivia, Text=' ', Range=[224, 225]",
  "[Token]: Kind=Identifier, Text='Form', Range=[225, 229]",
  "[Token]: Kind=WhitespaceTrivia, Text=' ', Range=[229, 230]",
  "[Token]: Kind=Identifier, Text='akSource', Range=[230, 238]",
  "[Token]: Kind=CommaToken, Text=',', Range=[238, 239]",
  "[Token]: Kind=WhitespaceTrivia, Text=' ', Range=[239, 240]",
  "[Token]: Kind=Identifier, Text='Projectile', Range=[240, 250]",
  "[Token]: Kind=WhitespaceTrivia, Text=' ', Range=[250, 251]",
  "[Token]: Kind=Identifier, Text='akProjectile', Range=[251, 263]",
  "[Token]: Kind=CommaToken, Text=',', Range=[263, 264]",
  "[Token]: Kind=WhitespaceTrivia, Text=' ', Range=[264, 265]",
  "[Token]: Kind=Identifier, Text='bool', Range=[265, 269]",
  "[Token]: Kind=WhitespaceTrivia, Text=' ', Range=[269, 270]",
  "[Token]: Kind=Identifier, Text='abPowerAttack', Range=[270, 283]",
  "[Token]: Kind=CommaToken, Text=',', Range=[283, 284]",
  "[Token]: Kind=WhitespaceTrivia, Text=' ', Range=[284, 285]",
  "[Token]: Kind=Identifier, Text='bool', Range=[285, 289]",
  "[Token]: Kind=WhitespaceTrivia, Text=' ', Range=[289, 290]",
  "[Token]: Kind=Identifier, Text='abSneakAttack', Range=[290, 303]",
  "[Token]: Kind=CommaToken, Text=',', Range=[303, 304]",
  "[Token]: Kind=WhitespaceTrivia, Text=' ', Range=[304, 305]",
  "[Token]: Kind=Identifier, Text='bool', Range=[305, 309]",
  "[Token]: Kind=WhitespaceTrivia, Text=' ', Range=[309, 310]",
  "[Token]: Kind=Identifier, Text='abBashAttack', Range=[310, 322]",
  "[Token]: Kind=CommaToken, Text=',', Range=[322, 323]",
  "[Token]: Kind=WhitespaceTrivia, Text=' ', Range=[323, 324]",
  "[Token]: Kind=Identifier, Text='bool', Range=[324, 328]",
  "[Token]: Kind=WhitespaceTrivia, Text=' ', Range=[328, 329]",
  "[Token]: Kind=Identifier, Text='abHitBlocked', Range=[329, 341]",
  "[Token]: Kind=CommaToken, Text=',', Range=[341, 342]",
  "[Token]: Kind=WhitespaceTrivia, Text=' ', Range=[342, 343]",
  "[Token]: Kind=Identifier, Text='string', Range=[343, 349]",
  "[Token]: Kind=WhitespaceTrivia, Text=' ', Range=[349, 350]",
  "[Token]: Kind=Identifier, Text='apMaterial', Range=[350, 360]",
  "[Token]: Kind=CloseParenToken, Text=')', Range=[360, 361]",
  "[Token]: Kind=NewLineTrivia, Text='
', Range=[361, 363]",
  "[Token]: Kind=WhitespaceTrivia, Text='	', Range=[363, 364]",
  "[Token]: Kind=IfKeyword, Text='if', Range=[364, 366]",
  "[Token]: Kind=WhitespaceTrivia, Text=' ', Range=[366, 367]",
  "[Token]: Kind=Identifier, Text='akTarget', Range=[367, 375]",
  "[Token]: Kind=DotToken, Text='.', Range=[375, 376]",
  "[Token]: Kind=Identifier, Text='GetValuePercentage', Range=[376, 394]",
  "[Token]: Kind=OpenParenToken, Text='(', Range=[394, 395]",
  "[Token]: Kind=Identifier, Text='Health', Range=[395, 401]",
  "[Token]: Kind=CloseParenToken, Text=')', Range=[401, 402]",
  "[Token]: Kind=WhitespaceTrivia, Text=' ', Range=[402, 403]",
  "[Token]: Kind=LessThanToken, Text='<', Range=[403, 404]",
  "[Token]: Kind=WhitespaceTrivia, Text=' ', Range=[404, 405]",
  "[Token]: Kind=Identifier, Text='HealthThreshhold', Range=[405, 421]",
  "[Token]: Kind=WhitespaceTrivia, Text=' ', Range=[421, 422]",
  "[Token]: Kind=AmpersandAmpersandToken, Text='&&', Range=[422, 424]",
  "[Token]: Kind=WhitespaceTrivia, Text=' ', Range=[424, 425]",
  "[Token]: Kind=Identifier, Text='PoweredUp', Range=[425, 434]",
  "[Token]: Kind=WhitespaceTrivia, Text=' ', Range=[434, 435]",
  "[Token]: Kind=EqualsEqualsToken, Text='==', Range=[435, 437]",
  "[Token]: Kind=WhitespaceTrivia, Text=' ', Range=[437, 438]",
  "[Token]: Kind=FalseKeyword, Text='false', Range=[438, 443]",
  "[Token]: Kind=NewLineTrivia, Text='
', Range=[443, 445]",
  "[Token]: Kind=WhitespaceTrivia, Text='		', Range=[445, 447]",
  "[Token]: Kind=Identifier, Text='CourserPowerUp', Range=[447, 461]",
  "[Token]: Kind=DotToken, Text='.', Range=[461, 462]",
  "[Token]: Kind=Identifier, Text='cast', Range=[462, 466]",
  "[Token]: Kind=OpenParenToken, Text='(', Range=[466, 467]",
  "[Token]: Kind=Identifier, Text='akTarget', Range=[467, 475]",
  "[Token]: Kind=CommaToken, Text=',', Range=[475, 476]",
  "[Token]: Kind=WhitespaceTrivia, Text=' ', Range=[476, 477]",
  "[Token]: Kind=Identifier, Text='akTarget', Range=[477, 485]",
  "[Token]: Kind=CloseParenToken, Text=')', Range=[485, 486]",
  "[Token]: Kind=NewLineTrivia, Text='
', Range=[486, 488]",
  "[Token]: Kind=WhitespaceTrivia, Text='		', Range=[488, 490]",
  "[Token]: Kind=Identifier, Text='PoweredUp', Range=[490, 499]",
  "[Token]: Kind=WhitespaceTrivia, Text=' ', Range=[499, 500]",
  "[Token]: Kind=EqualsToken, Text='=', Range=[500, 501]",
  "[Token]: Kind=WhitespaceTrivia, Text=' ', Range=[501, 502]",
  "[Token]: Kind=TrueKeyword, Text='true', Range=[502, 506]",
  "[Token]: Kind=NewLineTrivia, Text='
', Range=[506, 508]",
  "[Token]: Kind=WhitespaceTrivia, Text='	', Range=[508, 509]",
  "[Token]: Kind=ElseKeyword, Text='else', Range=[509, 513]",
  "[Token]: Kind=NewLineTrivia, Text='
', Range=[513, 515]",
  "[Token]: Kind=WhitespaceTrivia, Text='		', Range=[515, 517]",
  "[Token]: Kind=Identifier, Text='RegisterForHitEvent', Range=[517, 536]",
  "[Token]: Kind=OpenParenToken, Text='(', Range=[536, 537]",
  "[Token]: Kind=Identifier, Text='akTarget', Range=[537, 545]",
  "[Token]: Kind=CloseParenToken, Text=')', Range=[545, 546]",
  "[Token]: Kind=NewLineTrivia, Text='
', Range=[546, 548]",
  "[Token]: Kind=WhitespaceTrivia, Text='	', Range=[548, 549]",
  "[Token]: Kind=EndIfKeyword, Text='endif', Range=[549, 554]",
  "[Token]: Kind=NewLineTrivia, Text='
', Range=[554, 556]",
  "[Token]: Kind=EndEventKeyword, Text='EndEvent', Range=[556, 564]",
  "[Token]: Kind=NewLineTrivia, Text='
', Range=[564, 566]",
  "[Token]: Kind=NewLineTrivia, Text='
', Range=[566, 568]",
  "[Token]: Kind=EventKeyword, Text='Event', Range=[568, 573]",
  "[Token]: Kind=WhitespaceTrivia, Text=' ', Range=[573, 574]",
  "[Token]: Kind=Identifier, Text='OnEffectFinish', Range=[574, 588]",
  "[Token]: Kind=OpenParenToken, Text='(', Range=[588, 589]",
  "[Token]: Kind=Identifier, Text='Actor', Range=[589, 594]",
  "[Token]: Kind=WhitespaceTrivia, Text=' ', Range=[594, 595]",
  "[Token]: Kind=Identifier, Text='akTarget', Range=[595, 603]",
  "[Token]: Kind=CommaToken, Text=',', Range=[603, 604]",
  "[Token]: Kind=WhitespaceTrivia, Text=' ', Range=[604, 605]",
  "[Token]: Kind=Identifier, Text='Actor', Range=[605, 610]",
  "[Token]: Kind=WhitespaceTrivia, Text=' ', Range=[610, 611]",
  "[Token]: Kind=Identifier, Text='akCaster', Range=[611, 619]",
  "[Token]: Kind=CloseParenToken, Text=')', Range=[619, 620]",
  "[Token]: Kind=NewLineTrivia, Text='
', Range=[620, 622]",
  "[Token]: Kind=WhitespaceTrivia, Text='	', Range=[622, 623]",
  "[Token]: Kind=Identifier, Text='UnregisterForHitEvent', Range=[623, 644]",
  "[Token]: Kind=OpenParenToken, Text='(', Range=[644, 645]",
  "[Token]: Kind=Identifier, Text='akCaster', Range=[645, 653]",
  "[Token]: Kind=CloseParenToken, Text=')', Range=[653, 654]",
  "[Token]: Kind=NewLineTrivia, Text='
', Range=[654, 656]",
  "[Token]: Kind=EndEventKeyword, Text='EndEvent', Range=[656, 664]",
  "[Token]: Kind=NewLineTrivia, Text='
', Range=[664, 666]",
  "[Token]: Kind=NewLineTrivia, Text='
', Range=[666, 668]",
  "[Token]: Kind=Identifier, Text='bool', Range=[668, 672]",
  "[Token]: Kind=WhitespaceTrivia, Text=' ', Range=[672, 673]",
  "[Token]: Kind=PropertyKeyword, Text='Property', Range=[673, 681]",
  "[Token]: Kind=WhitespaceTrivia, Text=' ', Range=[681, 682]",
  "[Token]: Kind=Identifier, Text='PoweredUp', Range=[682, 691]",
  "[Token]: Kind=WhitespaceTrivia, Text=' ', Range=[691, 692]",
  "[Token]: Kind=AutoKeyword, Text='Auto', Range=[692, 696]",
  "[Token]: Kind=NewLineTrivia, Text='
', Range=[696, 698]",
  "[Token]: Kind=NewLineTrivia, Text='
', Range=[698, 700]",
  "[Token]: Kind=Identifier, Text='SPELL', Range=[700, 705]",
  "[Token]: Kind=WhitespaceTrivia, Text=' ', Range=[705, 706]",
  "[Token]: Kind=PropertyKeyword, Text='Property', Range=[706, 714]",
  "[Token]: Kind=WhitespaceTrivia, Text=' ', Range=[714, 715]",
  "[Token]: Kind=Identifier, Text='CourserPowerUp', Range=[715, 729]",
  "[Token]: Kind=WhitespaceTrivia, Text=' ', Range=[729, 730]",
  "[Token]: Kind=AutoKeyword, Text='Auto', Range=[730, 734]",
  "[Token]: Kind=WhitespaceTrivia, Text=' ', Range=[734, 735]",
  "[Token]: Kind=ConstKeyword, Text='Const', Range=[735, 740]",
  "[Token]: Kind=NewLineTrivia, Text='
', Range=[740, 742]",
  "[Token]: Kind=Identifier, Text='ActorValue', Range=[742, 752]",
  "[Token]: Kind=WhitespaceTrivia, Text=' ', Range=[752, 753]",
  "[Token]: Kind=PropertyKeyword, Text='Property', Range=[753, 761]",
  "[Token]: Kind=WhitespaceTrivia, Text=' ', Range=[761, 762]",
  "[Token]: Kind=Identifier, Text='Health', Range=[762, 768]",
  "[Token]: Kind=WhitespaceTrivia, Text=' ', Range=[768, 769]",
  "[Token]: Kind=AutoKeyword, Text='Auto', Range=[769, 773]",
  "[Token]: Kind=WhitespaceTrivia, Text=' ', Range=[773, 774]",
  "[Token]: Kind=ConstKeyword, Text='Const', Range=[774, 779]",
  "[Token]: Kind=NewLineTrivia, Text='
', Range=[779, 781]",
  "[Token]: Kind=Identifier, Text='Float', Range=[781, 786]",
  "[Token]: Kind=WhitespaceTrivia, Text=' ', Range=[786, 787]",
  "[Token]: Kind=PropertyKeyword, Text='Property', Range=[787, 795]",
  "[Token]: Kind=WhitespaceTrivia, Text=' ', Range=[795, 796]",
  "[Token]: Kind=Identifier, Text='HealthThreshhold', Range=[796, 812]",
  "[Token]: Kind=WhitespaceTrivia, Text=' ', Range=[812, 813]",
  "[Token]: Kind=AutoKeyword, Text='Auto', Range=[813, 817]",
  "[Token]: Kind=WhitespaceTrivia, Text=' ', Range=[817, 818]",
  "[Token]: Kind=ConstKeyword, Text='Const', Range=[818, 823]",
  "[Token]: Kind=NewLineTrivia, Text='
', Range=[823, 825]",
  "[Token]: Kind=EndOfFileToken, Text='', Range=[825, 825]",
]
`;
